// Jest Snapshot v1, https://goo.gl/fbAQLP

exports[`renders full Edit Expense page 1`] = `
<DocumentFragment>
  <div>
    <h1>
      I be a form!
    </h1>
    <form
      title="Edit An Expense Entry"
    >
      <div
        class="form-input-group"
      >
        <div
          class="form-input field-wide"
        >
          <label
            for="expense-description"
          >
            Description
          </label>
          <input
            id="expense-description"
            name="description"
            placeholder="Description"
            type="text"
            value=""
          />
        </div>
        <div
          class="form-input"
        >
          <label
            for="expense-amount"
          >
            Expense Amount
          </label>
          <input
            id="expense-amount"
            name="amount"
            placeholder="Amount"
            type="text"
            value="0"
          />
        </div>
        <div
          class="form-input"
        >
          <label
            for="form-datepicker"
          >
            Date
          </label>
          <div
            class="react-datepicker-wrapper"
          >
            <div
              class="react-datepicker__input-container"
            >
              <span
                aria-live="polite"
                class="react-datepicker__aria-live"
                role="alert"
              />
              <input
                class=""
                id="form-datepicker"
                type="text"
                value="02/21/2023"
              />
            </div>
          </div>
        </div>
      </div>
      <div
        class="form-input-group"
      >
        <div
          class="form-input field-wide"
        >
          <label
            for="expense-note"
          >
            Note
          </label>
          <textarea
            id="expense-note"
            name="note"
            placeholder="Note"
          />
        </div>
        <div
          class="form-submit"
        >
          <button>
            Add Expense
          </button>
        </div>
      </div>
    </form>
  </div>
</DocumentFragment>
`;
