// Jest Snapshot v1, https://goo.gl/fbAQLP

exports[`ExpenseItem - render single item 1`] = `
<DocumentFragment>
  <a
    class="expense-single"
    href="/edit/undefined"
  >
    <span
      class="expense-single__description"
    >
      A very special expense
    </span>
    <span
      class="expense-singe__created"
    >
      3/15/2023
    </span>
    <span
      class="expense-single__amount"
    >
      $666.66
    </span>
  </a>
</DocumentFragment>
`;
