// Jest Snapshot v1, https://goo.gl/fbAQLP

exports[`snapshot header with standard fixture data 1`] = `
<DocumentFragment>
  <h2>
    List of Expenses
  </h2>
  <div
    class="expense-list-header"
  >
    <div>
      Description
    </div>
    <div>
      4 Expenses for  
      <span
        class="total-amount"
        title="Total Expenses Amount"
      >
        $18,036.32
      </span>
    </div>
    <div>
      Date Posted
    </div>
  </div>
</DocumentFragment>
`;
